

 >> R  2    R e s i s t i v i t y   I n v e r s i o n   v4.10 <<

 >> D a t e : 15 - 12 - 2024
 >> My beautiful survey                                                             
 >> I n v e r s e   S o l u t i o n   S e l e c t e d <<
 >> Reading start resistivity from res0.dat                      
 >> R e g u l a r i s e d   T y p e <<
 >>   L i n e a r    F i l t e r    <<
 >> L o g - D a t a   I n v e r s i o n <<
 >> N o r m a l   R e g u l a r i s a t i o n <<
 >> D a t a   w e i g h t s   w i l l   b e  m o d i f i e d <<


 Processing dataset   1


 Measurements read:  2016     Measurements rejected:     0
   Geometric mean of apparent resistivities:  0.12455E+02

 >> Total Memory required is:          1.052 Gb

   Iteration   1
     Initial RMS Misfit:        39.92       Number of data ignored:     0
     Alpha:          61.077   RMS Misfit:        0.54  Roughness:        9.648
     Step length set to   1.00000
     Final RMS Misfit:        0.54

 Solution converged - Outputing results to file

 Calculating sensitivity map


 Processing dataset   2


 End of data:  Terminating


                     Timing Summary
                     ==============
     Total time taken:                               300. s
     Percent time taken forming element equations:    0.3 %
     Percent time taken solving forward  equations:  31.5 %
     Percent time taken forming Jacobian:             1.2 %
     Percent time taken solving inverse equations:   39.4 %
     Percent time taken calculating res. matrix:      0.0 %

                     Timing Details
                     ==============
     Number of calls to form element equations:        60
     Average time taken in call:                      0.0 s
     Number of calls to solve forward equations:     4320
     Average time taken in call:                      0.0 s
     Number of calls to form Jacobian:                  1
     Average time taken in call:                      3.5 s
     Number of calls to solve inverse equations:        1
     Average time taken in call:                    118.3 s
     Number of calls to calculate res. matrix:          1
     Average time taken in call:                      0.1 s
